2025-05-12 21:28:28,567 - INFO - Les repertoires 2024 et 2 ont ete crees
2025-05-12 21:28:28,572 - INFO - Les repertoires 2024 et 3 ont ete crees
2025-05-12 21:28:28,600 - INFO - Les repertoires 2024 et 4 ont ete crees
2025-05-12 21:28:28,630 - INFO - Les repertoires 2024 et 5 ont ete crees
2025-05-12 21:28:28,689 - INFO - Les repertoires 2024 et 6 ont ete crees
2025-05-12 21:28:28,706 - INFO - Les repertoires 2024 et 7 ont ete crees
2025-05-12 21:28:28,730 - INFO - Les repertoires 2024 et 8 ont ete crees
2025-05-12 21:28:28,762 - INFO - Les repertoires 2024 et 9 ont ete crees
2025-05-12 21:28:28,780 - INFO - Les repertoires 2024 et 10 ont ete crees
2025-05-12 21:28:28,789 - INFO - Les repertoires 2024 et 11 ont ete crees
2025-05-12 21:28:28,807 - INFO - Les repertoires 2024 et 12 ont ete crees
2025-10-29 21:03:15,495 - INFO - Les repertoires 2024 et 02_Février ont ete crees
2025-10-29 21:03:15,518 - INFO - Les repertoires 2024 et 03_Mars ont ete crees
2025-10-29 21:03:15,557 - INFO - Les repertoires 2024 et 04_Avril ont ete crees
2025-10-29 21:03:15,597 - INFO - Les repertoires 2024 et 05_Mai ont ete crees
2025-10-29 21:03:15,667 - INFO - Les repertoires 2024 et 06_Juin ont ete crees
2025-10-29 21:03:15,691 - INFO - Les repertoires 2024 et 07_Juillet ont ete crees
2025-10-29 21:03:15,714 - INFO - Les repertoires 2024 et 08_Août ont ete crees
2025-10-29 21:03:15,762 - INFO - Les repertoires 2024 et 09_Septembre ont ete crees
2025-10-29 21:03:15,775 - INFO - Les repertoires 2024 et 10_Octobre ont ete crees
2025-10-29 21:03:15,789 - INFO - Les repertoires 2024 et 11_Novembre ont ete crees
2025-10-29 21:03:15,806 - INFO - Les repertoires 2024 et 12_Décembre ont ete crees
2025-10-29 21:03:15,862 - INFO - Les repertoires 2025 et 01_Janvier ont ete crees
2025-10-29 21:03:15,873 - INFO - Les repertoires 2025 et 02_Février ont ete crees
2025-10-29 21:03:15,923 - INFO - Les repertoires 2025 et 03_Mars ont ete crees
2025-10-29 21:03:15,962 - INFO - Les repertoires 2025 et 04_Avril ont ete crees
2025-10-29 21:03:16,049 - INFO - Les repertoires 2025 et 05_Mai ont ete crees
2025-10-29 21:03:16,098 - INFO - Les repertoires 2025 et 06_Juin ont ete crees
2025-10-29 21:03:16,114 - INFO - Les repertoires 2025 et 07_Juillet ont ete crees
2025-10-29 21:03:16,136 - INFO - Les repertoires 2025 et 08_Août ont ete crees
2025-10-29 21:03:16,193 - INFO - Les repertoires 2025 et 09_Septembre ont ete crees
2025-10-29 21:03:16,208 - INFO - Les repertoires 2025 et 10_Octobre ont ete crees
